Requires that were seen as not satisfiable in original repo:

For arch x86_64_v2:
(fedora-release-common >= 38-0.23 if fedora-release-common)
(kernel-64k-debug-modules-extra if kernel-64k-debug-modules-core)
(kernel-64k-devel-matched if kernel-64k-core)
(kernel-64k-modules-extra if kernel-64k-modules-core)
(kernel-rt-64k-debug-modules-extra if kernel-rt-64k-debug-modules-core)
(kernel-rt-64k-modules-extra if kernel-rt-64k-modules-core)
(kernel-rt-debug-devel if kernel-rt-debug-core)
(kernel-rt-debug-modules-extra if kernel-rt-debug-modules-core)
(kernel-rt-devel if kernel-rt-core)
(kernel-rt-modules-extra if kernel-rt-modules-core)
(python3.12dist(semantic-version) < 3~~ with python3.12dist(semantic-version) >= 2.8.2)
(python3.12dist(semantic-version) >= 2.10 with python3.12dist(semantic-version) < 2.11)
(python3.12dist(uv) < 1~~ with python3.12dist(uv) >= 0.5.31)
(python3.13-wheel-wheel if python3.13-setuptools-wheel < 71)
(sdubby > 1.0-3 if sdubby)
(sway >= 1.6 if sway)
/usr/bin/ffmpeg
crate(tokei) = 13.0.0
geos
golang(github.com/alecthomas/units)
golang(github.com/d2g/dhcp4)
golang(github.com/docopt/docopt-go)
golang(github.com/jessevdk/go-flags)
golang(github.com/remyoudompheng/bigfft)
golang(github.com/vishvananda/netns)
golang(github.com/xeipuuv/gojsonreference)
golang(github.com/yvasiyarov/go-metrics)
golang(github.com/yvasiyarov/newrelic_platform_go)
golang(google.golang.org/genproto/googleapis/api/annotations)
golang(gopkg.in/stack.v0)
golang(gopkg.in/tomb.v1)
golang(gopkg.in/tomb.v2)
libCore.so.6.36()(64bit)
libQMobipocket6.so.2()(64bit)
libRIO.so.6.36()(64bit)
libTree.so.6.36()(64bit)
libavcodec.so.61()(64bit)
libavcodec.so.61(LIBAVCODEC_61)(64bit)
libavdevice.so.61()(64bit)
libavdevice.so.61(LIBAVDEVICE_61)(64bit)
libavfilter.so.10()(64bit)
libavfilter.so.10(LIBAVFILTER_10)(64bit)
libavformat.so.61()(64bit)
libavformat.so.61(LIBAVFORMAT_61)(64bit)
libavutil.so.59()(64bit)
libavutil.so.59(LIBAVUTIL_59)(64bit)
libgeos.so.3.13.1()(64bit)
libgeos_c.so.1()(64bit)
libgps.so.30()(64bit)
libpostproc.so.58()(64bit)
libpostproc.so.58(LIBPOSTPROC_58)(64bit)
libswresample.so.5()(64bit)
libswresample.so.5(LIBSWRESAMPLE_5)(64bit)
libswscale.so.8()(64bit)
libswscale.so.8(LIBSWSCALE_8)(64bit)
libupsclient.so.6()(64bit)
ocaml(CamlinternalFormatBasics) = 2ef2d91ced81f6c72f852bab8ab406e0
ocaml(CamlinternalOO) = bf3206c1e533a97ee4e00a76bfe1dae6
ocaml(Stdlib) = e8d9af458547c45080a71b9a6eaed658
ocaml(Stdlib__Array) = 75e38d886ba62047f48c000ae7d8f6f4
ocaml(Stdlib__Bigarray) = 8317b42277334e4ae5794d3cbabcaf4f
ocaml(Stdlib__Bytes) = d5a54ebfd096c4af2a47315dda118f2d
ocaml(Stdlib__Callback) = b855f824a6cb0f4b58dc69a6e79a49a1
ocaml(Stdlib__Complex) = 052959c6d02e4e692e7944dd137c4095
ocaml(Stdlib__Either) = d56b2e9ca14b69fdeef09f3b2fbd10ad
ocaml(Stdlib__Gc) = 117a859136e8d0cad6ff77491c390228
ocaml(Stdlib__Int32) = 9cc80815720f462a0569c994dd5f43cc
ocaml(Stdlib__Obj) = 592f14b225bd7cf0051f4b04372640d7
ocaml(Stdlib__Printexc) = 1e5e75f741ca414dd916c0c65b646827
ocaml(Stdlib__Seq) = ac22688c50c848ab417492a023ff76ab
ocaml(Stdlib__String) = cdb3775f91c0e999766c3b2a50f03a7d
ocaml(Stdlib__Uchar) = 7eb8f0d1a7c18933885eaef3b23d79f4
ocaml(Unix) = 59e61ff7441dfacaa24d4eed6d45eeda
ocaml-srpm-macros
ocamlx(CamlinternalOO) = 3bb5173e1a86ae74d96d5b3bc80f14a3
ocamlx(Stdlib__Array) = b3215f99afe054938b4b66df456093cb
ocamlx(Stdlib__Bigarray) = 2fb6f37865dd77a707635669254911e1
ocamlx(Stdlib__Callback) = bafc96ea60f2aa399fe753ac0e40f764
ocamlx(Stdlib__Gc) = 197914694cd716338b4da966236687f4
pkgconfig(libavcodec)
pkgconfig(libavcodec) >= 60.31.102
pkgconfig(libavdevice) >= 60.3.100
pkgconfig(libavfilter)
pkgconfig(libavfilter) >= 9.12.100
pkgconfig(libavformat) >= 60.16.100
pkgconfig(libavutil)
pkgconfig(libavutil) >= 58.29.100
pkgconfig(libswresample) >= 4.12.100
pkgconfig(libswscale) >= 7.5.100
python3.12dist(uv) >= 0.4
python3.12dist(uv) >= 0.5.23
sshpass


For arch aarch64:
(fedora-release-common >= 38-0.23 if fedora-release-common)
(kernel-rt-64k-debug-modules-extra if kernel-rt-64k-debug-modules-core)
(kernel-rt-64k-modules-extra if kernel-rt-64k-modules-core)
(kernel-rt-debug-devel if kernel-rt-debug-core)
(kernel-rt-debug-modules-extra if kernel-rt-debug-modules-core)
(kernel-rt-devel if kernel-rt-core)
(kernel-rt-modules-extra if kernel-rt-modules-core)
(python3.13-wheel-wheel if python3.13-setuptools-wheel < 71)
(sdubby > 1.0-3 if sdubby)
(sway >= 1.6 if sway)
(syslinux if (filesystem.x86_64 or filesystem.i686))
mingw32(libstdc++-6.dll)
mingw64(libstdc++-6.dll)
ocaml(CamlinternalFormatBasics) = 2ef2d91ced81f6c72f852bab8ab406e0
ocaml(CamlinternalOO) = bf3206c1e533a97ee4e00a76bfe1dae6
ocaml(Stdlib) = e8d9af458547c45080a71b9a6eaed658
ocaml(Stdlib__Array) = 75e38d886ba62047f48c000ae7d8f6f4
ocaml(Stdlib__Bigarray) = 8317b42277334e4ae5794d3cbabcaf4f
ocaml(Stdlib__Bytes) = d5a54ebfd096c4af2a47315dda118f2d
ocaml(Stdlib__Callback) = b855f824a6cb0f4b58dc69a6e79a49a1
ocaml(Stdlib__Complex) = 052959c6d02e4e692e7944dd137c4095
ocaml(Stdlib__Either) = d56b2e9ca14b69fdeef09f3b2fbd10ad
ocaml(Stdlib__Gc) = 117a859136e8d0cad6ff77491c390228
ocaml(Stdlib__Int32) = 9cc80815720f462a0569c994dd5f43cc
ocaml(Stdlib__Obj) = 592f14b225bd7cf0051f4b04372640d7
ocaml(Stdlib__Printexc) = 1e5e75f741ca414dd916c0c65b646827
ocaml(Stdlib__Seq) = ac22688c50c848ab417492a023ff76ab
ocaml(Stdlib__String) = cdb3775f91c0e999766c3b2a50f03a7d
ocaml(Stdlib__Uchar) = 7eb8f0d1a7c18933885eaef3b23d79f4
ocaml(Unix) = 59e61ff7441dfacaa24d4eed6d45eeda
ocaml-srpm-macros
ocamlx(CamlinternalOO) = 3bb5173e1a86ae74d96d5b3bc80f14a3
ocamlx(Stdlib__Array) = b3215f99afe054938b4b66df456093cb
ocamlx(Stdlib__Bigarray) = 2fb6f37865dd77a707635669254911e1
ocamlx(Stdlib__Callback) = bafc96ea60f2aa399fe753ac0e40f764
ocamlx(Stdlib__Gc) = 197914694cd716338b4da966236687f4
virt-v2v = 1:2.8.1-22.el10_1

