Version inconsistencies leading to some archs not exposing all packages:

apcupsd: main: 3.14.14-36.el10_1 - altarch: 3.14.14-39.el10_0.alma_altarch
debmirror: main: 2.46-1.el10_1 - altarch: 2.47-2.el10_0.alma_altarch
egl-wayland2: main: 1.0.1-1.el10_1 - altarch: 1.0.1~20260109git1893c37-1.el10_1.alma_altarch
epel-release: main: 10-7.el10_1 - altarch: 
ffmpeg: main: 7.1.2-1.el10_1 - altarch: 7.1-1.el10_0.alma_altarch
golang-bazil-fuse: main: 0-30.20200722gitfb710f7.el10_0 - altarch: 0-30.el10_0.alma_altarch
golang-bitbucket-ww-goautoneg: main: 0-39.20180302hg75cd24f.el10_0 - altarch: 0-39.el10_0.alma_altarch
golang-github-alecthomas-units: main: 0-0.23.20240609git9a357b5.el10_0 - altarch: 0-0.23.el10_0.alma_altarch
golang-github-anmitsu-shlex: main: 0-17.20200723git38f4b40.el10_0 - altarch: 0-17.el10_0.alma_altarch
golang-github-armon-circbuf: main: 0-0.37.20190420git5111143.el10_0 - altarch: 0-0.37.el10_0.alma_altarch
golang-github-bmizerany-assert: main: 0-36.20181110gitb7ed37b.el10_0 - altarch: 0-36.el10_0.alma_altarch
golang-github-bradfitz-gomemcache: main: 0-27.20200724gita41fca8.el10_0 - altarch: 0-27.el10_0.alma_altarch
golang-github-brunoscheufler-aws-ecs-metadata: main: 0-0.4.20230903git67e37ae.el10_0 - altarch: 0-0.4.el10_0.alma_altarch
golang-github-bsphere-le: main: 0-17.20200724gitfc06dab.el10_0 - altarch: 0-17.el10_0.alma_altarch
golang-github-burntsushi-toml-test: main: 0.2.0-19.20210108git9767d20.el10_0 - altarch: 0.2.0-19.el10_0.alma_altarch
golang-github-chzyer-test: main: 0-24.20180314gita1ea475.el10_0 - altarch: 0-24.el10_0.alma_altarch
golang-github-cloudflare-backoff: main: 0-0.15.20190628git647f3cd.el10_0 - altarch: 0-0.15.el10_0.alma_altarch
golang-github-cockroachdb-logtags: main: 0-13.20200908giteb05cc2.el10_0 - altarch: 0-13.el10_0.alma_altarch
golang-github-codegangsta-inject: main: 1.0.0-15.20190622git33e0aa1.el10_0 - altarch: 1.0.0-15.el10_0.alma_altarch
golang-github-containerd-typeurl: main: 1.0.2-12.20220821git51c7356.el10_0 - altarch: 1.0.2-12.el10_0.alma_altarch
golang-github-coreos-semver: main: 0.3.0-18.20220925git167f5da.el10_0 - altarch: 0.3.0-18.el10_0.alma_altarch
golang-github-d2g-dhcp4: main: 0-27.20181115gita1d1b6c.el10_0 - altarch: 0-27.el10_0.alma_altarch
golang-github-d2g-hardwareaddr: main: 0-0.6.20230111gite7d9fbe.el10_0 - altarch: 0-0.6.el10_0.alma_altarch
golang-github-dennwc-varint: main: 1.0.0-10.20230711git2d9bdf4.el10_0 - altarch: 1.0.0-10.el10_0.alma_altarch
golang-github-docker-connections: main: 0.4.0-19.20220822git58542c7.el10_0 - altarch: 0.4.0-19.el10_0.alma_altarch
golang-github-docker-events: main: 0-0.16.20200726gite31b211.el10_0 - altarch: 0-0.16.el10_0.alma_altarch
golang-github-docker-go: main: 1.5.1-32.20180609gitd30aec9.el10_0 - altarch: 1.5.1-32.el10_0.alma_altarch
golang-github-docker-libtrust: main: 0-0.35.20190501gitaabc10e.el10_0 - altarch: 0-0.35.el10_0.alma_altarch
golang-github-docopt: main: 0.6.2-16.20190509gitee0de3b.el10_0 - altarch: 0.6.2-16.el10_0.alma_altarch
golang-github-eapache-xerial-snappy: main: 0-16.20190408git776d571.el10_0 - altarch: 0-16.el10_0.alma_altarch
golang-github-eclesh-welford: main: 0-0.9.20220615giteec6261.el10_0 - altarch: 0-0.9.el10_0.alma_altarch
golang-github-elazarl-goproxy: main: 1.1-18.20210109git00ad82a.el10_0 - altarch: 1.1-18.el10_0.alma_altarch
golang-github-erikstmartin-testdb: main: 0-16.20190630git8d10e4a.el10_0 - altarch: 0-16.el10_0.alma_altarch
golang-github-etcd-io-gofail: main: 0-0.12.20210808gitad7f989.el10_0 - altarch: 0-0.12.el10_0.alma_altarch
golang-github-fernet: main: 0-0.17.20200726giteff2850.el10_0 - altarch: 0-0.17.el10_0.alma_altarch
golang-github-gddo: main: 0-0.19.20220914git20d68f9.el10_0 - altarch: 0-0.19.el10_0.alma_altarch
golang-github-gocql: main: 0-22.20210102gite49edf9.el10_0 - altarch: 0-22.el10_0.alma_altarch
golang-github-google-pprof: main: 0-25.20210802gitc50bf4f.el10_0 - altarch: 0-25.el10_0.alma_altarch
golang-github-google-shlex: main: 0-0.15.20200727gite7afc7f.el10_0 - altarch: 0-0.15.el10_0.alma_altarch
golang-github-graylog2-gelf: main: 2.0.0-11.20201111git1550ee6.el10_0 - altarch: 2.0.0-11.el10_0.alma_altarch
golang-github-groupcache: main: 0-0.35.20210729git41bb18b.el10_0 - altarch: 0-0.35.el10_0.alma_altarch
golang-github-hailocab-hostpool: main: 0-18.20190626gite80d13c.el10_0 - altarch: 0-18.el10_0.alma_altarch
golang-github-hugelgupf-socketpair: main: 0-13.20201109git05d35a9.el10_0 - altarch: 0-13.el10_0.alma_altarch
golang-github-hydrogen18-memlistener: main: 0-13.20200908gitdcc25e7.el10_0 - altarch: 0-13.el10_0.alma_altarch
golang-github-ianlancetaylor-demangle: main: 0-20.20210109git28f6c0f.el10_0 - altarch: 0-20.el10_0.alma_altarch
golang-github-inconshreveable-vhost: main: 0-20.20190629git06d8411.el10_0 - altarch: 0-20.el10_0.alma_altarch
golang-github-influxdata-influxdb1-client: main: 0-17.20210109gitb269163.el10_0 - altarch: 0-17.el10_0.alma_altarch
golang-github-ishidawataru-sctp: main: 0-0.17.20220917git9a39160.el10_0 - altarch: 0-0.17.el10_0.alma_altarch
golang-github-jessevdk-flags: main: 1.4.0-20.20200728gitc17162f.el10_0 - altarch: 1.4.0-20.el10_0.alma_altarch
golang-github-johncgriffin-overflow: main: 0-0.5.20230805git46fa312.el10_0 - altarch: 0-0.5.el10_0.alma_altarch
golang-github-junegunn-shellwords: main: 0-0.1.20241027gita62c48c.el10_0 - altarch: 0-0.1.el10_0.alma_altarch
golang-github-k0kubun-ansi: main: 0-16.20190623git3bf9e29.el10_0 - altarch: 0-16.el10_0.alma_altarch
golang-github-kardianos-osext: main: 0-19.20190626git2bc1f35.el10_0 - altarch: 0-19.el10_0.alma_altarch
golang-github-kballard-shellquote: main: 0-17.20190629git95032a8.el10_0 - altarch: 0-17.el10_0.alma_altarch
golang-github-kisielk-sqlstruct: main: 0-0.17.20220724gitdae28ed.el10_0 - altarch: 0-0.17.el10_0.alma_altarch
golang-github-knetic-govaluate: main: 3.0.0-18.20190622git9aa4983.el10_0 - altarch: 3.0.0-18.el10_0.alma_altarch
golang-github-kolo-xmlrpc: main: 0-21.20210110git38db28d.el10_0 - altarch: 0-21.el10_0.alma_altarch
golang-github-martini: main: 1.0-16.20190622git22fa469.el10_0 - altarch: 1.0-16.el10_0.alma_altarch
golang-github-mistifyio-zfs: main: 2.1.1-18.20220917gitc6a6a34.el10_0 - altarch: 2.1.1-18.el10_0.alma_altarch
golang-github-mitchellh-colorstring: main: 0-16.20190623gitd06e56a.el10_0 - altarch: 0-16.el10_0.alma_altarch
golang-github-moby-sys: main: 0.6.2-9.20230421gitsequential.v0.5.0.el10_1 - altarch: 0.6.2-9.el10_1.alma_altarch
golang-github-moby-term: main: 0-0.15.20230225git1aeaba8.el10_0 - altarch: 0-0.15.el10_0.alma_altarch
golang-github-mohae-deepcopy: main: 0-0.14.20200303gitc48cc78.el10_0 - altarch: 0-0.14.el10_0.alma_altarch
golang-github-mreiferson-httpclient: main: 0-18.20210110git5e475fd.el10_0 - altarch: 0-18.el10_0.alma_altarch
golang-github-mxk-flowrate: main: 0-18.20190628gitcca7078.el10_0 - altarch: 0-18.el10_0.alma_altarch
golang-github-op-logging: main: 2.0.0-17.20190623git970db52.el10_0 - altarch: 2.0.0-17.el10_0.alma_altarch
golang-github-phayes-permbits: main: 0-16.20210110git39d7c58.el10_0 - altarch: 0-16.el10_0.alma_altarch
golang-github-pquerna-ffjson: main: 0-0.18.20200730gitaa0246c.el10_0 - altarch: 0-0.18.el10_0.alma_altarch
golang-github-puerkitobio-urlesc: main: 0-17.20190628gitde5bf2a.el10_0 - altarch: 0-17.el10_0.alma_altarch
golang-github-racksec-srslog: main: 0-0.15.20190627gita4725f0.el10_0 - altarch: 0-0.15.el10_0.alma_altarch
golang-github-rcrowley-metrics: main: 0-0.37.20210110gitcf1acfc.el10_0 - altarch: 0-0.37.el10_0.alma_altarch
golang-github-remyoudompheng-bigfft: main: 0-28.20200801giteec4a21.el10_0 - altarch: 0-28.el10_0.alma_altarch
golang-github-revel-pathtree: main: 0-15.20190626git41257a1.el10_0 - altarch: 0-15.el10_0.alma_altarch
golang-github-rogpeppe-charset: main: 0-0.15.20210110git0dc95cd.el10_0 - altarch: 0-0.15.el10_0.alma_altarch
golang-github-rwcarlsen-goexif: main: 0-0.18.20191017git9e8deec.el10_0 - altarch: 0-0.18.el10_0.alma_altarch
golang-github-safchain-ethtool: main: 0-18.20210112git874930c.el10_0 - altarch: 0-18.el10_0.alma_altarch
golang-github-scaleway-sdk: main: 1.0.0~beta.20-4.20230802git347472f.el10_0 - altarch: 1.0.0~beta.20-4.el10_0.alma_altarch
golang-github-sean-seed: main: 0-16.20190623gite2103e2.el10_0 - altarch: 0-16.el10_0.alma_altarch
golang-github-serialx-hashring: main: 0-0.16.20200802git22c0c7a.el10_0 - altarch: 0-0.16.el10_0.alma_altarch
golang-github-spf13-pflag: main: 1.0.5-16.20220918gitd5e0c06.el10_0 - altarch: 1.0.5-16.el10_0.alma_altarch
golang-github-sql-civil: main: 0-13.20200909gitcb61b32.el10_0 - altarch: 0-13.el10_0.alma_altarch
golang-github-stefanberger-pkcs11uri: main: 0-0.8.20220202git78d3cae.el10_0 - altarch: 0-0.8.el10_0.alma_altarch
golang-github-streadway-handy: main: 0-18.20200802git0f66f00.el10_0 - altarch: 0-18.el10_0.alma_altarch
golang-github-syndtr-gocapability: main: 0-0.38.20210113git42c35b4.el10_0 - altarch: 0-0.38.el10_0.alma_altarch
golang-github-task-slim-sprig: main: 3.2.0-7.20220509gitafa1e20.el10_0 - altarch: 3.2.0-7.el10_0.alma_altarch
golang-github-termie-shutil: main: 0-13.20200623gitbcacb06.el10_0 - altarch: 0-13.el10_0.alma_altarch
golang-github-tomasen-realip: main: 0-15.20190628gitf0c99a9.el10_0 - altarch: 0-15.el10_0.alma_altarch
golang-github-tonistiigi-rosetta: main: 0-14.20201109git9ba8546.el10_0 - altarch: 0-14.el10_0.alma_altarch
golang-github-tonistiigi-units: main: 0-0.15.20190628git6950e57.el10_0 - altarch: 0-0.15.el10_0.alma_altarch
golang-github-tonistiigi-vt100: main: 0-0.16.20221015git8066bb9.el10_0 - altarch: 0-0.16.el10_0.alma_altarch
golang-github-ttacon-chalk: main: 0.1-16.20190306git22c06c8.el10_0 - altarch: 0.1-16.el10_0.alma_altarch
golang-github-tv42-httpunix: main: 0-17.20200803git2ba4b9c.el10_0 - altarch: 0-17.el10_0.alma_altarch
golang-github-vishvananda-netns: main: 0-0.35.20220917git18c4f42.el10_0 - altarch: 0-0.35.el10_0.alma_altarch
golang-github-vtolstov-ioctl: main: 0-11.20210608git6be9cce.el10_0 - altarch: 0-11.el10_0.alma_altarch
golang-github-xeipuuv-gojsonpointer: main: 0-25.20210113git02993c4.el10_0 - altarch: 0-25.el10_0.alma_altarch
golang-github-xeipuuv-gojsonreference: main: 0-25.20190710gitbd5ef7b.el10_0 - altarch: 0-25.el10_0.alma_altarch
golang-github-xo-terminfo: main: 0-0.15.20241115gitabceb7e.el10_0 - altarch: 0-0.15.el10_0.alma_altarch
golang-github-xrash-smetrics: main: 0-20.20210113git039620a.el10_0 - altarch: 0-20.el10_0.alma_altarch
golang-github-yvasiyarov-metrics: main: 0-0.17.20190626gitc25f46c.el10_0 - altarch: 0-0.17.el10_0.alma_altarch
golang-github-yvasiyarov-newrelic-platform: main: 0-17.20190626git9c099fb.el10_0 - altarch: 0-17.el10_0.alma_altarch
golang-github-zmap-rc2: main: 0-15.20190810gitabaa705.el10_0 - altarch: 0-15.el10_0.alma_altarch
golang-google-genproto: main: 0-30.20240805gitef581f9.el10_0~bootstrap - altarch: 0-30.el10_0~bootstrap.alma_altarch
golang-gopkg-check-1: main: 1-21.20210113git10cb982.el10_0 - altarch: 1-21.el10_0.alma_altarch
golang-gopkg-stack-0: main: 0-16.20190626git9b43fce.el10_0 - altarch: 0-16.el10_0.alma_altarch
golang-gopkg-tomb-1: main: 1-15.20190623gitdd63297.el10_0 - altarch: 1-15.el10_0.alma_altarch
golang-gopkg-tomb-2: main: 2-15.20190623gitd5d1b58.el10_0 - altarch: 2-15.el10_0.alma_altarch
golang-mozilla-pkcs7: main: 0-0.12.20220831git33d0574.el10_0 - altarch: 0-0.12.el10_0.alma_altarch
golang-rsc-qr: main: 0.2.0-19.20230806gitb6857d4.el10_1 - altarch: 0.2.0-19.el10_1.alma_altarch
golang-x-xerrors: main: 0-18.20200807git5ec99f8.el10_0 - altarch: 0-18.el10_0.alma_altarch
lazarus: main: 4.2-2.el10_1 - altarch: 
netperf: main: 2.7.0-12.20210803git3bc455b.el10_1 - altarch: 2.7.0-12.el10_1.alma_altarch
nrpe: main: 4.1.3-1.el10_1 - altarch: 4.1.3-2.el10_0.alma_altarch
nut: main: 2.8.2.1-0.el10_1.1.git20240703pr2505 - altarch: 2.8.3-1.el10_0.alma_altarch
opencv: main: 4.10.0-7.el10_0 - altarch: 4.10.0-8.el10_0.alma_altarch
plasma-discover: main: 6.3.4-1.el10_1 - altarch: 6.3.6-1.el10_0.alma_altarch
plymouth-theme-hot-dog: main: 0.5-28.el10_1 - altarch: 0.5-29.el10_0.alma_altarch
pyzor: main: 1.0.0-40.20240609git2be00c3.el10_0 - altarch: 1.0.0-40.el10_0.alma_altarch
rust-test-log: main: 0.2.18-1.el10_1 - altarch: 0.2.18-2.el10_0.alma_altarch
stressapptest: main: 1.0.9-7.20220222git6714c57.el10_0 - altarch: 1.0.9-7.el10_0.alma_altarch
uv: main: 0.8.24-2.el10_1 - altarch: 0.6.17-3.el10_0.alma_altarch
znc-clientbuffer: main: 0-0.31.20190129git9766a4a.el10_1 - altarch: 0-0.31.el10_1.alma_altarch
